
> luxe-online-store@1.0.0 build
> next build

  ▲ Next.js 14.2.35
  - Environments: .env.local

   Creating an optimized production build ...
 ✓ Compiled successfully
   Linting and checking validity of types ...
Failed to compile.

./src/lib/models/Product.ts:56:5
Type error: Object literal may only specify known properties, and 'isNew' does not exist in type '{ createdAt?: SchemaDefinitionProperty<Date, IProduct, Document<unknown, {}, IProduct, { id: string; }, DefaultSchemaOptions> & Omit<IProduct & Required<...> & { ...; }, "id"> & HydratedDocumentOverrides<...>> | undefined; ... 21 more ...; features?: SchemaDefinitionProperty<...> | undefined; }'.

[0m [90m 54 |[39m     isFeatured[33m:[39m { type[33m:[39m [33mBoolean[39m[33m,[39m [36mdefault[39m[33m:[39m [36mfalse[39m }[33m,[39m[0m
[0m [90m 55 |[39m     isBestSeller[33m:[39m { type[33m:[39m [33mBoolean[39m[33m,[39m [36mdefault[39m[33m:[39m [36mfalse[39m }[33m,[39m[0m
[0m[31m[1m>[22m[39m[90m 56 |[39m     isNew[33m:[39m { type[33m:[39m [33mBoolean[39m[33m,[39m [36mdefault[39m[33m:[39m [36mtrue[39m }[33m,[39m[0m
[0m [90m    |[39m     [31m[1m^[22m[39m[0m
[0m [90m 57 |[39m     isActive[33m:[39m { type[33m:[39m [33mBoolean[39m[33m,[39m [36mdefault[39m[33m:[39m [36mtrue[39m }[33m,[39m[0m
[0m [90m 58 |[39m     badge[33m:[39m { type[33m:[39m [33mString[39m[33m,[39m [36mdefault[39m[33m:[39m [32m''[39m }[33m,[39m[0m
[0m [90m 59 |[39m     tags[33m:[39m { type[33m:[39m [[33mString[39m][33m,[39m [36mdefault[39m[33m:[39m [] }[33m,[39m[0m
Next.js build worker exited with code: 1 and signal: null
